Component: ARM Compiler 5.06 update 6 (build 750) Tool: armlink [4d35ed]

==============================================================================

Section Cross References

    main_svc.o(i.main) refers to system_lpc17xx.o(i.SystemInit) for SystemInit
    main_svc.o(i.main) refers to uart_polling.o(i.uart_init) for uart_init
    main_svc.o(i.main) refers to printf.o(i.init_printf) for init_printf
    main_svc.o(i.main) refers to printf.o(i.tfp_printf) for tfp_printf
    main_svc.o(i.main) refers to ae.o(i.ae_init) for ae_init
    main_svc.o(i.main) refers to uart_polling.o(i.putc) for putc
    main_svc.o(i.main) refers to main_svc.o(i.pre_rtx_init) for pre_rtx_init
    main_svc.o(i.main) refers to k_rtx_init.o(i.k_rtx_init) for k_rtx_init
    printf.o(i.a2i) refers to printf.o(i.a2d) for a2d
    printf.o(i.i2a) refers to printf.o(i.ui2a) for ui2a
    printf.o(i.init_printf) refers to printf.o(.data) for stdout_putf
    printf.o(i.tfp_format) refers to printf.o(i.a2i) for a2i
    printf.o(i.tfp_format) refers to printf.o(i.ui2a) for ui2a
    printf.o(i.tfp_format) refers to printf.o(i.putchw) for putchw
    printf.o(i.tfp_format) refers to printf.o(i.i2a) for i2a
    printf.o(i.tfp_printf) refers to printf.o(i.tfp_format) for tfp_format
    printf.o(i.tfp_printf) refers to printf.o(.data) for stdout_putf
    printf.o(i.tfp_sprintf) refers to printf.o(i.tfp_format) for tfp_format
    printf.o(i.tfp_sprintf) refers to printf.o(i.putcp) for putcp
    uart_polling.o(i.putc) refers to uart_polling.o(i.uart_put_string) for uart_put_string
    uart_polling.o(i.putc) refers to uart_polling.o(i.uart_put_char) for uart_put_char
    uart_polling.o(i.uart_put_string) refers to uart_polling.o(i.uart_put_char) for uart_put_char
    k_memory.o(i.alloc_stack) refers to k_memory.o(.data) for gp_stack
    k_memory.o(i.memory_init) refers to k_process.o(.data) for gp_pcbs
    k_memory.o(i.memory_init) refers to k_memory.o(.data) for gp_stack
    k_process.o(i.k_release_processor) refers to k_process.o(i.scheduler) for scheduler
    k_process.o(i.k_release_processor) refers to k_process.o(i.process_switch) for process_switch
    k_process.o(i.k_release_processor) refers to k_process.o(.data) for gp_current_process
    k_process.o(i.k_run_new_process) refers to k_process.o(i.scheduler_tms) for scheduler_tms
    k_process.o(i.k_run_new_process) refers to k_process.o(i.process_switch) for process_switch
    k_process.o(i.k_run_new_process) refers to k_process.o(.data) for gp_current_process
    k_process.o(i.process_init) refers to k_memory.o(i.alloc_stack) for alloc_stack
    k_process.o(i.process_init) refers to k_process.o(.bss) for g_proc_table
    k_process.o(i.process_init) refers to k_process.o(.data) for gp_pcbs
    k_process.o(i.process_switch) refers to hal.o(.emb_text) for __rte
    k_process.o(i.process_switch) refers to k_process.o(.data) for gp_current_process
    k_process.o(i.scheduler) refers to k_process.o(.data) for gp_current_process
    k_process.o(i.scheduler_tms) refers to k_process.o(i.scheduler) for scheduler
    k_process.o(i.scheduler_tms) refers to timer.o(.data) for g_timer_count
    k_process.o(i.scheduler_tms) refers to k_process.o(.data) for gp_current_process
    k_rtx_init.o(i.k_rtx_init) refers to k_memory.o(i.memory_init) for memory_init
    k_rtx_init.o(i.k_rtx_init) refers to k_process.o(i.process_init) for process_init
    k_rtx_init.o(i.k_rtx_init) refers to timer.o(i.timer_init) for timer_init
    k_rtx_init.o(i.k_rtx_init) refers to k_process.o(i.k_release_processor) for k_release_processor
    timer.o(.emb_text) refers to timer.o(i.timer0_iproc) for timer0_iproc
    timer.o(.emb_text) refers to k_process.o(i.k_run_new_process) for k_run_new_process
    timer.o(.emb_text) refers to k_process.o(.data) for gp_current_process
    timer.o(i.timer0_iproc) refers to timer.o(.data) for g_timer_count
    timer.o(i.timer_init) refers to timer.o(.data) for g_timer_count
    ae_proc.o(i.proc1) refers to uart_polling.o(i.uart_put_string) for uart_put_string
    ae_proc.o(i.proc1) refers to uart_polling.o(i.uart_put_char) for uart_put_char
    ae_proc.o(i.proc1) refers to k_process.o(i.k_release_processor) for k_release_processor
    ae_proc.o(i.proc2) refers to uart_polling.o(i.uart_put_string) for uart_put_string
    ae_proc.o(i.proc2) refers to uart_polling.o(i.uart_put_char) for uart_put_char
    ae_proc.o(i.proc3) refers to uart_polling.o(i.uart_put_string) for uart_put_string
    ae_proc.o(i.proc3) refers to k_process.o(i.k_release_processor) for k_release_processor
    ae_proc.o(i.proc4) refers to uart_polling.o(i.uart_put_string) for uart_put_string
    ae_proc.o(i.proc4) refers to k_process.o(i.k_release_processor) for k_release_processor
    ae_proc.o(i.proc5) refers to uart_polling.o(i.uart_put_string) for uart_put_string
    ae_proc.o(i.proc5) refers to k_process.o(i.k_release_processor) for k_release_processor
    ae_proc.o(i.proc6) refers to uart_polling.o(i.uart_put_string) for uart_put_string
    ae_proc.o(i.proc6) refers to k_process.o(i.k_release_processor) for k_release_processor
    ae.o(i.ae_init) refers to ae.o(i.ae_set_proc_info) for ae_set_proc_info
    ae.o(i.ae_set_proc_info) refers to ae_proc.o(i.proc1) for proc1
    ae.o(i.ae_set_proc_info) refers to ae_proc.o(i.proc2) for proc2
    ae.o(i.ae_set_proc_info) refers to ae_proc.o(i.proc3) for proc3
    ae.o(i.ae_set_proc_info) refers to ae_proc.o(i.proc4) for proc4
    ae.o(i.ae_set_proc_info) refers to ae_proc.o(i.proc5) for proc5
    ae.o(i.ae_set_proc_info) refers to ae_proc.o(i.proc6) for proc6
    startup_lpc17xx.o(STACK) refers (Special) to heapauxi.o(.text) for __use_two_region_memory
    startup_lpc17xx.o(HEAP) refers (Special) to heapauxi.o(.text) for __use_two_region_memory
    startup_lpc17xx.o(RESET) refers (Special) to heapauxi.o(.text) for __use_two_region_memory
    startup_lpc17xx.o(RESET) refers to startup_lpc17xx.o(STACK) for __initial_sp
    startup_lpc17xx.o(RESET) refers to startup_lpc17xx.o(.text) for Reset_Handler
    startup_lpc17xx.o(RESET) refers to hal.o(.emb_text) for SVC_Handler
    startup_lpc17xx.o(RESET) refers to timer.o(.emb_text) for TIMER0_IRQHandler
    startup_lpc17xx.o(.text) refers (Special) to heapauxi.o(.text) for __use_two_region_memory
    startup_lpc17xx.o(.text) refers to system_lpc17xx.o(i.SystemInit) for SystemInit
    startup_lpc17xx.o(.text) refers to __main.o(!!!main) for __main
    startup_lpc17xx.o(.text) refers to startup_lpc17xx.o(HEAP) for Heap_Mem
    startup_lpc17xx.o(.text) refers to startup_lpc17xx.o(STACK) for Stack_Mem
    system_lpc17xx.o(i.SystemCoreClockUpdate) refers to lludivv7m.o(.text) for __aeabi_uldivmod
    system_lpc17xx.o(i.SystemCoreClockUpdate) refers to system_lpc17xx.o(.data) for SystemCoreClock
    __main.o(!!!main) refers to __rtentry.o(.ARM.Collect$$rtentry$$00000000) for __rt_entry
    __rtentry.o(.ARM.Collect$$rtentry$$00000000) refers (Special) to __rtentry2.o(.ARM.Collect$$rtentry$$0000000A) for __rt_entry_li
    __rtentry.o(.ARM.Collect$$rtentry$$00000000) refers (Special) to __rtentry2.o(.ARM.Collect$$rtentry$$0000000D) for __rt_entry_main
    __rtentry.o(.ARM.Collect$$rtentry$$00000000) refers (Special) to __rtentry2.o(.ARM.Collect$$rtentry$$0000000C) for __rt_entry_postli_1
    __rtentry.o(.ARM.Collect$$rtentry$$00000000) refers (Special) to __rtentry2.o(.ARM.Collect$$rtentry$$00000009) for __rt_entry_postsh_1
    __rtentry.o(.ARM.Collect$$rtentry$$00000000) refers (Special) to __rtentry2.o(.ARM.Collect$$rtentry$$00000002) for __rt_entry_presh_1
    __rtentry.o(.ARM.Collect$$rtentry$$00000000) refers (Special) to __rtentry4.o(.ARM.Collect$$rtentry$$00000004) for __rt_entry_sh
    aeabi_ldiv0_sigfpe.o(.text) refers to rt_div0.o(.text) for __rt_div0
    __rtentry2.o(.ARM.Collect$$rtentry$$00000008) refers to boardinit2.o(.text) for _platform_post_stackheap_init
    __rtentry2.o(.ARM.Collect$$rtentry$$0000000A) refers to libinit.o(.ARM.Collect$$libinit$$00000000) for __rt_lib_init
    __rtentry2.o(.ARM.Collect$$rtentry$$0000000B) refers to boardinit3.o(.text) for _platform_post_lib_init
    __rtentry2.o(.ARM.Collect$$rtentry$$0000000D) refers to main_svc.o(i.main) for main
    __rtentry2.o(.ARM.Collect$$rtentry$$0000000D) refers to exit.o(.text) for exit
    __rtentry2.o(.ARM.exidx) refers to __rtentry2.o(.ARM.Collect$$rtentry$$00000001) for .ARM.Collect$$rtentry$$00000001
    __rtentry2.o(.ARM.exidx) refers to __rtentry2.o(.ARM.Collect$$rtentry$$00000008) for .ARM.Collect$$rtentry$$00000008
    __rtentry2.o(.ARM.exidx) refers to __rtentry2.o(.ARM.Collect$$rtentry$$0000000A) for .ARM.Collect$$rtentry$$0000000A
    __rtentry2.o(.ARM.exidx) refers to __rtentry2.o(.ARM.Collect$$rtentry$$0000000B) for .ARM.Collect$$rtentry$$0000000B
    __rtentry2.o(.ARM.exidx) refers to __rtentry2.o(.ARM.Collect$$rtentry$$0000000D) for .ARM.Collect$$rtentry$$0000000D
    __rtentry4.o(.ARM.Collect$$rtentry$$00000004) refers to sys_stackheap_outer.o(.text) for __user_setup_stackheap
    __rtentry4.o(.ARM.exidx) refers to __rtentry4.o(.ARM.Collect$$rtentry$$00000004) for .ARM.Collect$$rtentry$$00000004
    rt_div0.o(.text) refers to defsig_fpe_outer.o(.text) for __rt_SIGFPE
    sys_stackheap_outer.o(.text) refers to libspace.o(.text) for __user_perproc_libspace
    sys_stackheap_outer.o(.text) refers to startup_lpc17xx.o(.text) for __user_initial_stackheap
    exit.o(.text) refers to rtexit.o(.ARM.Collect$$rtexit$$00000000) for __rt_exit
    defsig_fpe_outer.o(.text) refers to defsig_fpe_inner.o(.text) for __rt_SIGFPE_inner
    defsig_fpe_outer.o(.text) refers to defsig_exit.o(.text) for __sig_exit
    defsig_fpe_formal.o(.text) refers to rt_raise.o(.text) for __rt_raise
    libinit.o(.ARM.Collect$$libinit$$00000000) refers (Special) to libinit2.o(.ARM.Collect$$libinit$$0000002E) for __rt_lib_init_alloca_1
    libinit.o(.ARM.Collect$$libinit$$00000000) refers (Special) to libinit2.o(.ARM.Collect$$libinit$$0000002C) for __rt_lib_init_argv_1
    libinit.o(.ARM.Collect$$libinit$$00000000) refers (Special) to libinit2.o(.ARM.Collect$$libinit$$0000001B) for __rt_lib_init_atexit_1
    libinit.o(.ARM.Collect$$libinit$$00000000) refers (Special) to libinit2.o(.ARM.Collect$$libinit$$00000021) for __rt_lib_init_clock_1
    libinit.o(.ARM.Collect$$libinit$$00000000) refers (Special) to libinit2.o(.ARM.Collect$$libinit$$00000032) for __rt_lib_init_cpp_1
    libinit.o(.ARM.Collect$$libinit$$00000000) refers (Special) to libinit2.o(.ARM.Collect$$libinit$$00000030) for __rt_lib_init_exceptions_1
    libinit.o(.ARM.Collect$$libinit$$00000000) refers (Special) to libinit2.o(.ARM.Collect$$libinit$$00000002) for __rt_lib_init_fp_1
    libinit.o(.ARM.Collect$$libinit$$00000000) refers (Special) to libinit2.o(.ARM.Collect$$libinit$$0000001F) for __rt_lib_init_fp_trap_1
    libinit.o(.ARM.Collect$$libinit$$00000000) refers (Special) to libinit2.o(.ARM.Collect$$libinit$$00000023) for __rt_lib_init_getenv_1
    libinit.o(.ARM.Collect$$libinit$$00000000) refers (Special) to libinit2.o(.ARM.Collect$$libinit$$0000000A) for __rt_lib_init_heap_1
    libinit.o(.ARM.Collect$$libinit$$00000000) refers (Special) to libinit2.o(.ARM.Collect$$libinit$$00000011) for __rt_lib_init_lc_collate_1
    libinit.o(.ARM.Collect$$libinit$$00000000) refers (Special) to libinit2.o(.ARM.Collect$$libinit$$00000013) for __rt_lib_init_lc_ctype_1
    libinit.o(.ARM.Collect$$libinit$$00000000) refers (Special) to libinit2.o(.ARM.Collect$$libinit$$00000015) for __rt_lib_init_lc_monetary_1
    libinit.o(.ARM.Collect$$libinit$$00000000) refers (Special) to libinit2.o(.ARM.Collect$$libinit$$00000017) for __rt_lib_init_lc_numeric_1
    libinit.o(.ARM.Collect$$libinit$$00000000) refers (Special) to libinit2.o(.ARM.Collect$$libinit$$00000019) for __rt_lib_init_lc_time_1
    libinit.o(.ARM.Collect$$libinit$$00000000) refers (Special) to libinit2.o(.ARM.Collect$$libinit$$00000004) for __rt_lib_init_preinit_1
    libinit.o(.ARM.Collect$$libinit$$00000000) refers (Special) to libinit2.o(.ARM.Collect$$libinit$$0000000E) for __rt_lib_init_rand_1
    libinit.o(.ARM.Collect$$libinit$$00000000) refers (Special) to libinit2.o(.ARM.Collect$$libinit$$00000033) for __rt_lib_init_return
    libinit.o(.ARM.Collect$$libinit$$00000000) refers (Special) to libinit2.o(.ARM.Collect$$libinit$$0000001D) for __rt_lib_init_signal_1
    libinit.o(.ARM.Collect$$libinit$$00000000) refers (Special) to libinit2.o(.ARM.Collect$$libinit$$00000025) for __rt_lib_init_stdio_1
    libinit.o(.ARM.Collect$$libinit$$00000000) refers (Special) to libinit2.o(.ARM.Collect$$libinit$$0000000C) for __rt_lib_init_user_alloc_1
    libspace.o(.text) refers to libspace.o(.bss) for __libspace_start
    rtexit.o(.ARM.Collect$$rtexit$$00000000) refers (Special) to rtexit2.o(.ARM.Collect$$rtexit$$00000004) for __rt_exit_exit
    rtexit.o(.ARM.Collect$$rtexit$$00000000) refers (Special) to rtexit2.o(.ARM.Collect$$rtexit$$00000003) for __rt_exit_ls
    rtexit.o(.ARM.Collect$$rtexit$$00000000) refers (Special) to rtexit2.o(.ARM.Collect$$rtexit$$00000002) for __rt_exit_prels_1
    rtexit.o(.ARM.exidx) refers (Special) to rtexit2.o(.ARM.Collect$$rtexit$$00000004) for __rt_exit_exit
    rtexit.o(.ARM.exidx) refers (Special) to rtexit2.o(.ARM.Collect$$rtexit$$00000003) for __rt_exit_ls
    rtexit.o(.ARM.exidx) refers (Special) to rtexit2.o(.ARM.Collect$$rtexit$$00000002) for __rt_exit_prels_1
    rtexit.o(.ARM.exidx) refers to rtexit.o(.ARM.Collect$$rtexit$$00000000) for .ARM.Collect$$rtexit$$00000000
    rt_raise.o(.text) refers to __raise.o(.text) for __raise
    rt_raise.o(.text) refers to sys_exit.o(.text) for _sys_exit
    defsig_exit.o(.text) refers to sys_exit.o(.text) for _sys_exit
    defsig_fpe_inner.o(.text) refers to defsig_general.o(.text) for __default_signal_display
    libinit2.o(.ARM.Collect$$libinit$$00000010) refers to libinit2.o(.ARM.Collect$$libinit$$0000000F) for .ARM.Collect$$libinit$$0000000F
    libinit2.o(.ARM.Collect$$libinit$$00000012) refers to libinit2.o(.ARM.Collect$$libinit$$0000000F) for .ARM.Collect$$libinit$$0000000F
    libinit2.o(.ARM.Collect$$libinit$$00000014) refers to libinit2.o(.ARM.Collect$$libinit$$0000000F) for .ARM.Collect$$libinit$$0000000F
    libinit2.o(.ARM.Collect$$libinit$$00000016) refers to libinit2.o(.ARM.Collect$$libinit$$0000000F) for .ARM.Collect$$libinit$$0000000F
    libinit2.o(.ARM.Collect$$libinit$$00000018) refers to libinit2.o(.ARM.Collect$$libinit$$0000000F) for .ARM.Collect$$libinit$$0000000F
    libinit2.o(.ARM.Collect$$libinit$$00000026) refers to argv_veneer.o(.emb_text) for __ARM_argv_veneer
    libinit2.o(.ARM.Collect$$libinit$$00000027) refers to argv_veneer.o(.emb_text) for __ARM_argv_veneer
    sys_exit.o(.text) refers (Special) to use_no_semi.o(.text) for __I$use$semihosting
    sys_exit.o(.text) refers (Special) to indicate_semi.o(.text) for __semihosting_library_function
    rtexit2.o(.ARM.Collect$$rtexit$$00000003) refers to libshutdown.o(.ARM.Collect$$libshutdown$$00000000) for __rt_lib_shutdown
    rtexit2.o(.ARM.Collect$$rtexit$$00000004) refers to sys_exit.o(.text) for _sys_exit
    rtexit2.o(.ARM.exidx) refers to rtexit2.o(.ARM.Collect$$rtexit$$00000001) for .ARM.Collect$$rtexit$$00000001
    rtexit2.o(.ARM.exidx) refers to rtexit2.o(.ARM.Collect$$rtexit$$00000003) for .ARM.Collect$$rtexit$$00000003
    rtexit2.o(.ARM.exidx) refers to rtexit2.o(.ARM.Collect$$rtexit$$00000004) for .ARM.Collect$$rtexit$$00000004
    __raise.o(.text) refers to defsig.o(CL$$defsig) for __default_signal_handler
    defsig_general.o(.text) refers to sys_wrch.o(.text) for _ttywrch
    argv_veneer.o(.emb_text) refers to no_argv.o(.text) for __ARM_get_argv
    sys_wrch.o(.text) refers (Special) to use_no_semi.o(.text) for __I$use$semihosting
    sys_wrch.o(.text) refers (Special) to indicate_semi.o(.text) for __semihosting_library_function
    defsig.o(CL$$defsig) refers to defsig_fpe_inner.o(.text) for __rt_SIGFPE_inner
    defsig.o(CL$$defsig) refers to defsig_rtmem_inner.o(.text) for __rt_SIGRTMEM_inner
    _get_argv_nomalloc.o(.text) refers (Special) to hrguard.o(.text) for __heap_region$guard
    _get_argv_nomalloc.o(.text) refers to defsig_rtmem_outer.o(.text) for __rt_SIGRTMEM
    _get_argv_nomalloc.o(.text) refers to sys_command.o(.text) for _sys_command_string
    libshutdown.o(.ARM.Collect$$libshutdown$$00000000) refers (Special) to libshutdown2.o(.ARM.Collect$$libshutdown$$00000002) for __rt_lib_shutdown_cpp_1
    libshutdown.o(.ARM.Collect$$libshutdown$$00000000) refers (Special) to libshutdown2.o(.ARM.Collect$$libshutdown$$00000007) for __rt_lib_shutdown_fp_trap_1
    libshutdown.o(.ARM.Collect$$libshutdown$$00000000) refers (Special) to libshutdown2.o(.ARM.Collect$$libshutdown$$0000000F) for __rt_lib_shutdown_heap_1
    libshutdown.o(.ARM.Collect$$libshutdown$$00000000) refers (Special) to libshutdown2.o(.ARM.Collect$$libshutdown$$00000010) for __rt_lib_shutdown_return
    libshutdown.o(.ARM.Collect$$libshutdown$$00000000) refers (Special) to libshutdown2.o(.ARM.Collect$$libshutdown$$0000000A) for __rt_lib_shutdown_signal_1
    libshutdown.o(.ARM.Collect$$libshutdown$$00000000) refers (Special) to libshutdown2.o(.ARM.Collect$$libshutdown$$00000004) for __rt_lib_shutdown_stdio_1
    libshutdown.o(.ARM.Collect$$libshutdown$$00000000) refers (Special) to libshutdown2.o(.ARM.Collect$$libshutdown$$0000000C) for __rt_lib_shutdown_user_alloc_1
    sys_command.o(.text) refers (Special) to use_no_semi.o(.text) for __I$use$semihosting
    sys_command.o(.text) refers (Special) to indicate_semi.o(.text) for __semihosting_library_function
    defsig_abrt_inner.o(.text) refers to defsig_general.o(.text) for __default_signal_display
    defsig_rtred_inner.o(.text) refers to defsig_general.o(.text) for __default_signal_display
    defsig_rtmem_inner.o(.text) refers to defsig_general.o(.text) for __default_signal_display
    defsig_rtmem_outer.o(.text) refers to defsig_rtmem_inner.o(.text) for __rt_SIGRTMEM_inner
    defsig_rtmem_outer.o(.text) refers to defsig_exit.o(.text) for __sig_exit
    defsig_rtmem_formal.o(.text) refers to rt_raise.o(.text) for __rt_raise
    defsig_stak_inner.o(.text) refers to defsig_general.o(.text) for __default_signal_display
    defsig_pvfn_inner.o(.text) refers to defsig_general.o(.text) for __default_signal_display
    defsig_cppl_inner.o(.text) refers to defsig_general.o(.text) for __default_signal_display
    defsig_segv_inner.o(.text) refers to defsig_general.o(.text) for __default_signal_display
    defsig_other.o(.text) refers to defsig_general.o(.text) for __default_signal_display


==============================================================================

Removing Unused input sections from the image.

    Removing main_svc.o(.rev16_text), (4 bytes).
    Removing main_svc.o(.revsh_text), (4 bytes).
    Removing main_svc.o(.rrx_text), (6 bytes).
    Removing printf.o(i.putcp), (10 bytes).
    Removing printf.o(i.tfp_sprintf), (44 bytes).
    Removing uart_polling.o(.rev16_text), (4 bytes).
    Removing uart_polling.o(.revsh_text), (4 bytes).
    Removing uart_polling.o(.rrx_text), (6 bytes).
    Removing uart_polling.o(i.uart_get_char), (48 bytes).
    Removing k_memory.o(.rev16_text), (4 bytes).
    Removing k_memory.o(.revsh_text), (4 bytes).
    Removing k_memory.o(.rrx_text), (6 bytes).
    Removing k_memory.o(i.k_release_memory_block), (6 bytes).
    Removing k_memory.o(i.k_request_memory_block), (4 bytes).
    Removing k_msg.o(.rev16_text), (4 bytes).
    Removing k_msg.o(.revsh_text), (4 bytes).
    Removing k_msg.o(.rrx_text), (6 bytes).
    Removing k_msg.o(i.k_delayed_send), (6 bytes).
    Removing k_msg.o(i.k_receive_message), (6 bytes).
    Removing k_msg.o(i.k_send_message), (6 bytes).
    Removing k_process.o(.rev16_text), (4 bytes).
    Removing k_process.o(.revsh_text), (4 bytes).
    Removing k_process.o(.rrx_text), (6 bytes).
    Removing k_rtx_init.o(.rev16_text), (4 bytes).
    Removing k_rtx_init.o(.revsh_text), (4 bytes).
    Removing k_rtx_init.o(.rrx_text), (6 bytes).
    Removing timer.o(.rev16_text), (4 bytes).
    Removing timer.o(.revsh_text), (4 bytes).
    Removing timer.o(.rrx_text), (6 bytes).
    Removing system_lpc17xx.o(.rev16_text), (4 bytes).
    Removing system_lpc17xx.o(.revsh_text), (4 bytes).
    Removing system_lpc17xx.o(.rrx_text), (6 bytes).
    Removing system_lpc17xx.o(i.SystemCoreClockUpdate), (424 bytes).
    Removing system_lpc17xx.o(.data), (4 bytes).

34 unused section(s) (total 670 bytes) removed from the image.

==============================================================================

Image Symbol Table

    Local Symbols

    Symbol Name                              Value     Ov Type        Size  Object(Section)

    ../clib/angel/boardlib.s                 0x00000000   Number         0  boardshut.o ABSOLUTE
    ../clib/angel/boardlib.s                 0x00000000   Number         0  boardinit1.o ABSOLUTE
    ../clib/angel/boardlib.s                 0x00000000   Number         0  boardinit2.o ABSOLUTE
    ../clib/angel/boardlib.s                 0x00000000   Number         0  boardinit3.o ABSOLUTE
    ../clib/angel/handlers.s                 0x00000000   Number         0  __scatter_zi.o ABSOLUTE
    ../clib/angel/handlers.s                 0x00000000   Number         0  __scatter_copy.o ABSOLUTE
    ../clib/angel/kernel.s                   0x00000000   Number         0  __rtentry4.o ABSOLUTE
    ../clib/angel/kernel.s                   0x00000000   Number         0  rtexit2.o ABSOLUTE
    ../clib/angel/kernel.s                   0x00000000   Number         0  __rtentry.o ABSOLUTE
    ../clib/angel/kernel.s                   0x00000000   Number         0  __rtentry2.o ABSOLUTE
    ../clib/angel/kernel.s                   0x00000000   Number         0  rtexit.o ABSOLUTE
    ../clib/angel/rt.s                       0x00000000   Number         0  rt_div0.o ABSOLUTE
    ../clib/angel/rt.s                       0x00000000   Number         0  aeabi_ldiv0_sigfpe.o ABSOLUTE
    ../clib/angel/rt.s                       0x00000000   Number         0  aeabi_ldiv0.o ABSOLUTE
    ../clib/angel/rt.s                       0x00000000   Number         0  rt_raise.o ABSOLUTE
    ../clib/angel/scatter.s                  0x00000000   Number         0  __scatter.o ABSOLUTE
    ../clib/angel/startup.s                  0x00000000   Number         0  __main.o ABSOLUTE
    ../clib/angel/sys.s                      0x00000000   Number         0  sys_stackheap_outer.o ABSOLUTE
    ../clib/angel/sys.s                      0x00000000   Number         0  indicate_semi.o ABSOLUTE
    ../clib/angel/sys.s                      0x00000000   Number         0  use_no_semi.o ABSOLUTE
    ../clib/angel/sys.s                      0x00000000   Number         0  libspace.o ABSOLUTE
    ../clib/angel/sysapp.c                   0x00000000   Number         0  sys_command.o ABSOLUTE
    ../clib/angel/sysapp.c                   0x00000000   Number         0  sys_wrch.o ABSOLUTE
    ../clib/angel/sysapp.c                   0x00000000   Number         0  sys_exit.o ABSOLUTE
    ../clib/armsys.c                         0x00000000   Number         0  argv_veneer.o ABSOLUTE
    ../clib/armsys.c                         0x00000000   Number         0  argv_veneer.o ABSOLUTE
    ../clib/armsys.c                         0x00000000   Number         0  _get_argv_nomalloc.o ABSOLUTE
    ../clib/armsys.c                         0x00000000   Number         0  no_argv.o ABSOLUTE
    ../clib/heapalloc.c                      0x00000000   Number         0  hrguard.o ABSOLUTE
    ../clib/heapaux.c                        0x00000000   Number         0  heapauxi.o ABSOLUTE
    ../clib/libinit.s                        0x00000000   Number         0  libinit2.o ABSOLUTE
    ../clib/libinit.s                        0x00000000   Number         0  libshutdown.o ABSOLUTE
    ../clib/libinit.s                        0x00000000   Number         0  libinit.o ABSOLUTE
    ../clib/libinit.s                        0x00000000   Number         0  libshutdown2.o ABSOLUTE
    ../clib/longlong.s                       0x00000000   Number         0  lludivv7m.o ABSOLUTE
    ../clib/signal.c                         0x00000000   Number         0  __raise.o ABSOLUTE
    ../clib/signal.c                         0x00000000   Number         0  defsig_rtmem_outer.o ABSOLUTE
    ../clib/signal.c                         0x00000000   Number         0  defsig_rtmem_formal.o ABSOLUTE
    ../clib/signal.c                         0x00000000   Number         0  defsig_stak_inner.o ABSOLUTE
    ../clib/signal.c                         0x00000000   Number         0  defsig_pvfn_inner.o ABSOLUTE
    ../clib/signal.c                         0x00000000   Number         0  defsig_general.o ABSOLUTE
    ../clib/signal.c                         0x00000000   Number         0  defsig_abrt_inner.o ABSOLUTE
    ../clib/signal.c                         0x00000000   Number         0  defsig_cppl_inner.o ABSOLUTE
    ../clib/signal.c                         0x00000000   Number         0  defsig_other.o ABSOLUTE
    ../clib/signal.c                         0x00000000   Number         0  defsig_fpe_inner.o ABSOLUTE
    ../clib/signal.c                         0x00000000   Number         0  defsig_exit.o ABSOLUTE
    ../clib/signal.c                         0x00000000   Number         0  defsig_segv_inner.o ABSOLUTE
    ../clib/signal.c                         0x00000000   Number         0  defsig_fpe_formal.o ABSOLUTE
    ../clib/signal.c                         0x00000000   Number         0  defsig_fpe_outer.o ABSOLUTE
    ../clib/signal.c                         0x00000000   Number         0  defsig_rtred_inner.o ABSOLUTE
    ../clib/signal.c                         0x00000000   Number         0  defsig_rtmem_inner.o ABSOLUTE
    ../clib/signal.s                         0x00000000   Number         0  defsig.o ABSOLUTE
    ../clib/stdlib.c                         0x00000000   Number         0  exit.o ABSOLUTE
    ../fplib/fpinit.s                        0x00000000   Number         0  fpinit.o ABSOLUTE
    RTE\Device\LPC1768\startup_LPC17xx.s     0x00000000   Number         0  startup_lpc17xx.o ABSOLUTE
    RTE\Device\LPC1768\system_LPC17xx.c      0x00000000   Number         0  system_lpc17xx.o ABSOLUTE
    RTE\\Device\\LPC1768\\system_LPC17xx.c   0x00000000   Number         0  system_lpc17xx.o ABSOLUTE
    dc.s                                     0x00000000   Number         0  dc.o ABSOLUTE
    src\HAL.c                                0x00000000   Number         0  hal.o ABSOLUTE
    src\\HAL.c                               0x00000000   Number         0  hal.o ABSOLUTE
    src\\k_memory.c                          0x00000000   Number         0  k_memory.o ABSOLUTE
    src\\k_msg.c                             0x00000000   Number         0  k_msg.o ABSOLUTE
    src\\k_process.c                         0x00000000   Number         0  k_process.o ABSOLUTE
    src\\k_rtx_init.c                        0x00000000   Number         0  k_rtx_init.o ABSOLUTE
    src\\main_svc.c                          0x00000000   Number         0  main_svc.o ABSOLUTE
    src\\timer.c                             0x00000000   Number         0  timer.o ABSOLUTE
    src\\uart_polling.c                      0x00000000   Number         0  uart_polling.o ABSOLUTE
    src\ae.c                                 0x00000000   Number         0  ae.o ABSOLUTE
    src\ae_proc.c                            0x00000000   Number         0  ae_proc.o ABSOLUTE
    src\k_memory.c                           0x00000000   Number         0  k_memory.o ABSOLUTE
    src\k_msg.c                              0x00000000   Number         0  k_msg.o ABSOLUTE
    src\k_process.c                          0x00000000   Number         0  k_process.o ABSOLUTE
    src\k_rtx_init.c                         0x00000000   Number         0  k_rtx_init.o ABSOLUTE
    src\main_svc.c                           0x00000000   Number         0  main_svc.o ABSOLUTE
    src\printf.c                             0x00000000   Number         0  printf.o ABSOLUTE
    src\timer.c                              0x00000000   Number         0  timer.o ABSOLUTE
    src\uart_polling.c                       0x00000000   Number         0  uart_polling.o ABSOLUTE
    RESET                                    0x10000000   Section      204  startup_lpc17xx.o(RESET)
    !!!main                                  0x100000cc   Section        8  __main.o(!!!main)
    !!!scatter                               0x100000d4   Section       52  __scatter.o(!!!scatter)
    !!handler_copy                           0x10000108   Section       26  __scatter_copy.o(!!handler_copy)
    !!handler_zi                             0x10000124   Section       28  __scatter_zi.o(!!handler_zi)
    .ARM.Collect$$libinit$$00000000          0x10000140   Section        2  libinit.o(.ARM.Collect$$libinit$$00000000)
    .ARM.Collect$$libinit$$00000002          0x10000142   Section        0  libinit2.o(.ARM.Collect$$libinit$$00000002)
    .ARM.Collect$$libinit$$00000004          0x10000142   Section        0  libinit2.o(.ARM.Collect$$libinit$$00000004)
    .ARM.Collect$$libinit$$0000000A          0x10000142   Section        0  libinit2.o(.ARM.Collect$$libinit$$0000000A)
    .ARM.Collect$$libinit$$0000000C          0x10000142   Section        0  libinit2.o(.ARM.Collect$$libinit$$0000000C)
    .ARM.Collect$$libinit$$0000000E          0x10000142   Section        0  libinit2.o(.ARM.Collect$$libinit$$0000000E)
    .ARM.Collect$$libinit$$00000011          0x10000142   Section        0  libinit2.o(.ARM.Collect$$libinit$$00000011)
    .ARM.Collect$$libinit$$00000013          0x10000142   Section        0  libinit2.o(.ARM.Collect$$libinit$$00000013)
    .ARM.Collect$$libinit$$00000015          0x10000142   Section        0  libinit2.o(.ARM.Collect$$libinit$$00000015)
    .ARM.Collect$$libinit$$00000017          0x10000142   Section        0  libinit2.o(.ARM.Collect$$libinit$$00000017)
    .ARM.Collect$$libinit$$00000019          0x10000142   Section        0  libinit2.o(.ARM.Collect$$libinit$$00000019)
    .ARM.Collect$$libinit$$0000001B          0x10000142   Section        0  libinit2.o(.ARM.Collect$$libinit$$0000001B)
    .ARM.Collect$$libinit$$0000001D          0x10000142   Section        0  libinit2.o(.ARM.Collect$$libinit$$0000001D)
    .ARM.Collect$$libinit$$0000001F          0x10000142   Section        0  libinit2.o(.ARM.Collect$$libinit$$0000001F)
    .ARM.Collect$$libinit$$00000021          0x10000142   Section        0  libinit2.o(.ARM.Collect$$libinit$$00000021)
    .ARM.Collect$$libinit$$00000023          0x10000142   Section        0  libinit2.o(.ARM.Collect$$libinit$$00000023)
    .ARM.Collect$$libinit$$00000025          0x10000142   Section        0  libinit2.o(.ARM.Collect$$libinit$$00000025)
    .ARM.Collect$$libinit$$0000002C          0x10000142   Section        0  libinit2.o(.ARM.Collect$$libinit$$0000002C)
    .ARM.Collect$$libinit$$0000002E          0x10000142   Section        0  libinit2.o(.ARM.Collect$$libinit$$0000002E)
    .ARM.Collect$$libinit$$00000030          0x10000142   Section        0  libinit2.o(.ARM.Collect$$libinit$$00000030)
    .ARM.Collect$$libinit$$00000032          0x10000142   Section        0  libinit2.o(.ARM.Collect$$libinit$$00000032)
    .ARM.Collect$$libinit$$00000033          0x10000142   Section        2  libinit2.o(.ARM.Collect$$libinit$$00000033)
    .ARM.Collect$$libshutdown$$00000000      0x10000144   Section        2  libshutdown.o(.ARM.Collect$$libshutdown$$00000000)
    .ARM.Collect$$libshutdown$$00000002      0x10000146   Section        0  libshutdown2.o(.ARM.Collect$$libshutdown$$00000002)
    .ARM.Collect$$libshutdown$$00000004      0x10000146   Section        0  libshutdown2.o(.ARM.Collect$$libshutdown$$00000004)
    .ARM.Collect$$libshutdown$$00000007      0x10000146   Section        0  libshutdown2.o(.ARM.Collect$$libshutdown$$00000007)
    .ARM.Collect$$libshutdown$$0000000A      0x10000146   Section        0  libshutdown2.o(.ARM.Collect$$libshutdown$$0000000A)
    .ARM.Collect$$libshutdown$$0000000C      0x10000146   Section        0  libshutdown2.o(.ARM.Collect$$libshutdown$$0000000C)
    .ARM.Collect$$libshutdown$$0000000F      0x10000146   Section        0  libshutdown2.o(.ARM.Collect$$libshutdown$$0000000F)
    .ARM.Collect$$libshutdown$$00000010      0x10000146   Section        2  libshutdown2.o(.ARM.Collect$$libshutdown$$00000010)
    .ARM.Collect$$rtentry$$00000000          0x10000148   Section        0  __rtentry.o(.ARM.Collect$$rtentry$$00000000)
    .ARM.Collect$$rtentry$$00000002          0x10000148   Section        0  __rtentry2.o(.ARM.Collect$$rtentry$$00000002)
    .ARM.Collect$$rtentry$$00000004          0x10000148   Section        6  __rtentry4.o(.ARM.Collect$$rtentry$$00000004)
    .ARM.Collect$$rtentry$$00000009          0x1000014e   Section        0  __rtentry2.o(.ARM.Collect$$rtentry$$00000009)
    .ARM.Collect$$rtentry$$0000000A          0x1000014e   Section        4  __rtentry2.o(.ARM.Collect$$rtentry$$0000000A)
    .ARM.Collect$$rtentry$$0000000C          0x10000152   Section        0  __rtentry2.o(.ARM.Collect$$rtentry$$0000000C)
    .ARM.Collect$$rtentry$$0000000D          0x10000152   Section        8  __rtentry2.o(.ARM.Collect$$rtentry$$0000000D)
    .ARM.Collect$$rtexit$$00000000           0x1000015a   Section        2  rtexit.o(.ARM.Collect$$rtexit$$00000000)
    .ARM.Collect$$rtexit$$00000002           0x1000015c   Section        0  rtexit2.o(.ARM.Collect$$rtexit$$00000002)
    .ARM.Collect$$rtexit$$00000003           0x1000015c   Section        4  rtexit2.o(.ARM.Collect$$rtexit$$00000003)
    .ARM.Collect$$rtexit$$00000004           0x10000160   Section        6  rtexit2.o(.ARM.Collect$$rtexit$$00000004)
    .emb_text                                0x10000168   Section       52  hal.o(.emb_text)
    .emb_text                                0x1000019c   Section       60  timer.o(.emb_text)
    .text                                    0x100001d8   Section       60  startup_lpc17xx.o(.text)
    .text                                    0x10000214   Section        0  heapauxi.o(.text)
    .text                                    0x1000021a   Section       74  sys_stackheap_outer.o(.text)
    .text                                    0x10000264   Section        0  exit.o(.text)
    .text                                    0x10000278   Section        8  libspace.o(.text)
    .text                                    0x10000280   Section        0  sys_exit.o(.text)
    .text                                    0x1000028c   Section        2  use_no_semi.o(.text)
    .text                                    0x1000028e   Section        0  indicate_semi.o(.text)
    i.SystemInit                             0x10000290   Section        0  system_lpc17xx.o(i.SystemInit)
    i.a2d                                    0x100003d0   Section        0  printf.o(i.a2d)
    a2d                                      0x100003d1   Thumb Code    50  printf.o(i.a2d)
    i.a2i                                    0x10000402   Section        0  printf.o(i.a2i)
    a2i                                      0x10000403   Thumb Code    58  printf.o(i.a2i)
    i.ae_init                                0x1000043c   Section        0  ae.o(i.ae_init)
    i.ae_set_proc_info                       0x10000468   Section        0  ae.o(i.ae_set_proc_info)
    i.alloc_stack                            0x100004c4   Section        0  k_memory.o(i.alloc_stack)
    i.i2a                                    0x100004e8   Section        0  printf.o(i.i2a)
    i2a                                      0x100004e9   Thumb Code    32  printf.o(i.i2a)
    i.init_printf                            0x10000508   Section        0  printf.o(i.init_printf)
    i.k_release_processor                    0x1000051c   Section        0  k_process.o(i.k_release_processor)
    i.k_rtx_init                             0x10000550   Section        0  k_rtx_init.o(i.k_rtx_init)
    i.k_run_new_process                      0x10000570   Section        0  k_process.o(i.k_run_new_process)
    i.main                                   0x100005ac   Section        0  main_svc.o(i.main)
    i.memory_init                            0x100007b4   Section        0  k_memory.o(i.memory_init)
    i.pre_rtx_init                           0x100007fc   Section        0  main_svc.o(i.pre_rtx_init)
    i.proc1                                  0x10000804   Section        0  ae_proc.o(i.proc1)
    i.proc2                                  0x10000880   Section        0  ae_proc.o(i.proc2)
    i.proc3                                  0x100008c8   Section        0  ae_proc.o(i.proc3)
    i.proc4                                  0x100008ec   Section        0  ae_proc.o(i.proc4)
    i.proc5                                  0x10000910   Section        0  ae_proc.o(i.proc5)
    i.proc6                                  0x10000934   Section        0  ae_proc.o(i.proc6)
    i.process_init                           0x10000958   Section        0  k_process.o(i.process_init)
    i.process_switch                         0x10000a3c   Section        0  k_process.o(i.process_switch)
    i.putc                                   0x10000ab8   Section        0  uart_polling.o(i.putc)
    i.putchw                                 0x10000afc   Section        0  printf.o(i.putchw)
    putchw                                   0x10000afd   Thumb Code    82  printf.o(i.putchw)
    i.scheduler                              0x10000b50   Section        0  k_process.o(i.scheduler)
    i.scheduler_tms                          0x10000ba0   Section        0  k_process.o(i.scheduler_tms)
    i.tfp_format                             0x10000bc8   Section        0  printf.o(i.tfp_format)
    i.tfp_printf                             0x10000cf0   Section        0  printf.o(i.tfp_printf)
    i.timer0_iproc                           0x10000d1c   Section        0  timer.o(i.timer0_iproc)
    i.timer_init                             0x10000d34   Section        0  timer.o(i.timer_init)
    i.uart_init                              0x10000d88   Section        0  uart_polling.o(i.uart_init)
    i.uart_put_char                          0x10000df4   Section        0  uart_polling.o(i.uart_put_char)
    i.uart_put_string                        0x10000e28   Section        0  uart_polling.o(i.uart_put_string)
    i.ui2a                                   0x10000e4e   Section        0  printf.o(i.ui2a)
    ui2a                                     0x10000e4f   Thumb Code    86  printf.o(i.ui2a)
    .data                                    0x10004000   Section        8  printf.o(.data)
    stdout_putf                              0x10004000   Data           4  printf.o(.data)
    stdout_putp                              0x10004004   Data           4  printf.o(.data)
    .data                                    0x10004008   Section        4  k_memory.o(.data)
    .data                                    0x1000400c   Section       16  k_process.o(.data)
    .data                                    0x1000401c   Section        4  timer.o(.data)
    .bss                                     0x10004020   Section      112  k_process.o(.bss)
    .bss                                     0x10004090   Section       96  libspace.o(.bss)
    HEAP                                     0x100040f0   Section        0  startup_lpc17xx.o(HEAP)
    STACK                                    0x100040f0   Section      512  startup_lpc17xx.o(STACK)
    Heap_Mem                                 0x100040f0   Data           0  startup_lpc17xx.o(HEAP)
    Stack_Mem                                0x100040f0   Data         512  startup_lpc17xx.o(STACK)
    __initial_sp                             0x100042f0   Data           0  startup_lpc17xx.o(STACK)

    Global Symbols

    Symbol Name                              Value     Ov Type        Size  Object(Section)

    BuildAttributes$$THM_ISAv4$P$D$K$B$S$PE$A:L22UL41UL21$X:L11$S22US41US21$IEEE1$IW$USESV6$~STKCKD$USESV7$~SHL$OSPACE$ROPI$EBA8$UX$STANDARDLIB$REQ8$PRES8$EABIv2 0x00000000   Number         0  anon$$obj.o ABSOLUTE
    __ARM_use_no_argv                        0x00000000   Number         0  main_svc.o ABSOLUTE
    __ARM_exceptions_init                     - Undefined Weak Reference
    __alloca_initialize                       - Undefined Weak Reference
    __arm_preinit_                            - Undefined Weak Reference
    __cpp_initialize__aeabi_                  - Undefined Weak Reference
    __cxa_finalize                            - Undefined Weak Reference
    __rt_locale                               - Undefined Weak Reference
    __sigvec_lookup                           - Undefined Weak Reference
    _atexit_init                              - Undefined Weak Reference
    _call_atexit_fns                          - Undefined Weak Reference
    _clock_init                               - Undefined Weak Reference
    _fp_trap_init                             - Undefined Weak Reference
    _fp_trap_shutdown                         - Undefined Weak Reference
    _get_lc_collate                           - Undefined Weak Reference
    _get_lc_ctype                             - Undefined Weak Reference
    _get_lc_monetary                          - Undefined Weak Reference
    _get_lc_numeric                           - Undefined Weak Reference
    _get_lc_time                              - Undefined Weak Reference
    _getenv_init                              - Undefined Weak Reference
    _handle_redirection                       - Undefined Weak Reference
    _init_alloc                               - Undefined Weak Reference
    _init_user_alloc                          - Undefined Weak Reference
    _initio                                   - Undefined Weak Reference
    _rand_init                                - Undefined Weak Reference
    _signal_finish                            - Undefined Weak Reference
    _signal_init                              - Undefined Weak Reference
    _terminate_alloc                          - Undefined Weak Reference
    _terminate_user_alloc                     - Undefined Weak Reference
    _terminateio                              - Undefined Weak Reference
    __Vectors                                0x10000000   Data           4  startup_lpc17xx.o(RESET)
    __main                                   0x100000cd   Thumb Code     8  __main.o(!!!main)
    __scatterload                            0x100000d5   Thumb Code     0  __scatter.o(!!!scatter)
    __scatterload_rt2                        0x100000d5   Thumb Code    44  __scatter.o(!!!scatter)
    __scatterload_rt2_thumb_only             0x100000d5   Thumb Code     0  __scatter.o(!!!scatter)
    __scatterload_null                       0x100000e3   Thumb Code     0  __scatter.o(!!!scatter)
    __scatterload_copy                       0x10000109   Thumb Code    26  __scatter_copy.o(!!handler_copy)
    __scatterload_zeroinit                   0x10000125   Thumb Code    28  __scatter_zi.o(!!handler_zi)
    __rt_lib_init                            0x10000141   Thumb Code     0  libinit.o(.ARM.Collect$$libinit$$00000000)
    __rt_lib_init_alloca_1                   0x10000143   Thumb Code     0  libinit2.o(.ARM.Collect$$libinit$$0000002E)
    __rt_lib_init_argv_1                     0x10000143   Thumb Code     0  libinit2.o(.ARM.Collect$$libinit$$0000002C)
    __rt_lib_init_atexit_1                   0x10000143   Thumb Code     0  libinit2.o(.ARM.Collect$$libinit$$0000001B)
    __rt_lib_init_clock_1                    0x10000143   Thumb Code     0  libinit2.o(.ARM.Collect$$libinit$$00000021)
    __rt_lib_init_cpp_1                      0x10000143   Thumb Code     0  libinit2.o(.ARM.Collect$$libinit$$00000032)
    __rt_lib_init_exceptions_1               0x10000143   Thumb Code     0  libinit2.o(.ARM.Collect$$libinit$$00000030)
    __rt_lib_init_fp_1                       0x10000143   Thumb Code     0  libinit2.o(.ARM.Collect$$libinit$$00000002)
    __rt_lib_init_fp_trap_1                  0x10000143   Thumb Code     0  libinit2.o(.ARM.Collect$$libinit$$0000001F)
    __rt_lib_init_getenv_1                   0x10000143   Thumb Code     0  libinit2.o(.ARM.Collect$$libinit$$00000023)
    __rt_lib_init_heap_1                     0x10000143   Thumb Code     0  libinit2.o(.ARM.Collect$$libinit$$0000000A)
    __rt_lib_init_lc_collate_1               0x10000143   Thumb Code     0  libinit2.o(.ARM.Collect$$libinit$$00000011)
    __rt_lib_init_lc_ctype_1                 0x10000143   Thumb Code     0  libinit2.o(.ARM.Collect$$libinit$$00000013)
    __rt_lib_init_lc_monetary_1              0x10000143   Thumb Code     0  libinit2.o(.ARM.Collect$$libinit$$00000015)
    __rt_lib_init_lc_numeric_1               0x10000143   Thumb Code     0  libinit2.o(.ARM.Collect$$libinit$$00000017)
    __rt_lib_init_lc_time_1                  0x10000143   Thumb Code     0  libinit2.o(.ARM.Collect$$libinit$$00000019)
    __rt_lib_init_preinit_1                  0x10000143   Thumb Code     0  libinit2.o(.ARM.Collect$$libinit$$00000004)
    __rt_lib_init_rand_1                     0x10000143   Thumb Code     0  libinit2.o(.ARM.Collect$$libinit$$0000000E)
    __rt_lib_init_return                     0x10000143   Thumb Code     0  libinit2.o(.ARM.Collect$$libinit$$00000033)
    __rt_lib_init_signal_1                   0x10000143   Thumb Code     0  libinit2.o(.ARM.Collect$$libinit$$0000001D)
    __rt_lib_init_stdio_1                    0x10000143   Thumb Code     0  libinit2.o(.ARM.Collect$$libinit$$00000025)
    __rt_lib_init_user_alloc_1               0x10000143   Thumb Code     0  libinit2.o(.ARM.Collect$$libinit$$0000000C)
    __rt_lib_shutdown                        0x10000145   Thumb Code     0  libshutdown.o(.ARM.Collect$$libshutdown$$00000000)
    __rt_lib_shutdown_cpp_1                  0x10000147   Thumb Code     0  libshutdown2.o(.ARM.Collect$$libshutdown$$00000002)
    __rt_lib_shutdown_fp_trap_1              0x10000147   Thumb Code     0  libshutdown2.o(.ARM.Collect$$libshutdown$$00000007)
    __rt_lib_shutdown_heap_1                 0x10000147   Thumb Code     0  libshutdown2.o(.ARM.Collect$$libshutdown$$0000000F)
    __rt_lib_shutdown_return                 0x10000147   Thumb Code     0  libshutdown2.o(.ARM.Collect$$libshutdown$$00000010)
    __rt_lib_shutdown_signal_1               0x10000147   Thumb Code     0  libshutdown2.o(.ARM.Collect$$libshutdown$$0000000A)
    __rt_lib_shutdown_stdio_1                0x10000147   Thumb Code     0  libshutdown2.o(.ARM.Collect$$libshutdown$$00000004)
    __rt_lib_shutdown_user_alloc_1           0x10000147   Thumb Code     0  libshutdown2.o(.ARM.Collect$$libshutdown$$0000000C)
    __rt_entry                               0x10000149   Thumb Code     0  __rtentry.o(.ARM.Collect$$rtentry$$00000000)
    __rt_entry_presh_1                       0x10000149   Thumb Code     0  __rtentry2.o(.ARM.Collect$$rtentry$$00000002)
    __rt_entry_sh                            0x10000149   Thumb Code     0  __rtentry4.o(.ARM.Collect$$rtentry$$00000004)
    __rt_entry_li                            0x1000014f   Thumb Code     0  __rtentry2.o(.ARM.Collect$$rtentry$$0000000A)
    __rt_entry_postsh_1                      0x1000014f   Thumb Code     0  __rtentry2.o(.ARM.Collect$$rtentry$$00000009)
    __rt_entry_main                          0x10000153   Thumb Code     0  __rtentry2.o(.ARM.Collect$$rtentry$$0000000D)
    __rt_entry_postli_1                      0x10000153   Thumb Code     0  __rtentry2.o(.ARM.Collect$$rtentry$$0000000C)
    __rt_exit                                0x1000015b   Thumb Code     0  rtexit.o(.ARM.Collect$$rtexit$$00000000)
    __rt_exit_ls                             0x1000015d   Thumb Code     0  rtexit2.o(.ARM.Collect$$rtexit$$00000003)
    __rt_exit_prels_1                        0x1000015d   Thumb Code     0  rtexit2.o(.ARM.Collect$$rtexit$$00000002)
    __rt_exit_exit                           0x10000161   Thumb Code     0  rtexit2.o(.ARM.Collect$$rtexit$$00000004)
    __rte                                    0x10000169   Thumb Code     8  hal.o(.emb_text)
    SVC_Handler                              0x10000171   Thumb Code    44  hal.o(.emb_text)
    TIMER0_IRQHandler                        0x1000019d   Thumb Code    48  timer.o(.emb_text)
    Reset_Handler                            0x100001d9   Thumb Code     8  startup_lpc17xx.o(.text)
    NMI_Handler                              0x100001e1   Thumb Code     2  startup_lpc17xx.o(.text)
    HardFault_Handler                        0x100001e3   Thumb Code     2  startup_lpc17xx.o(.text)
    MemManage_Handler                        0x100001e5   Thumb Code     2  startup_lpc17xx.o(.text)
    BusFault_Handler                         0x100001e7   Thumb Code     2  startup_lpc17xx.o(.text)
    UsageFault_Handler                       0x100001e9   Thumb Code     2  startup_lpc17xx.o(.text)
    DebugMon_Handler                         0x100001ed   Thumb Code     2  startup_lpc17xx.o(.text)
    PendSV_Handler                           0x100001ef   Thumb Code     2  startup_lpc17xx.o(.text)
    SysTick_Handler                          0x100001f1   Thumb Code     2  startup_lpc17xx.o(.text)
    ADC_IRQHandler                           0x100001f3   Thumb Code     0  startup_lpc17xx.o(.text)
    BOD_IRQHandler                           0x100001f3   Thumb Code     0  startup_lpc17xx.o(.text)
    CANActivity_IRQHandler                   0x100001f3   Thumb Code     0  startup_lpc17xx.o(.text)
    CAN_IRQHandler                           0x100001f3   Thumb Code     0  startup_lpc17xx.o(.text)
    DMA_IRQHandler                           0x100001f3   Thumb Code     0  startup_lpc17xx.o(.text)
    EINT0_IRQHandler                         0x100001f3   Thumb Code     0  startup_lpc17xx.o(.text)
    EINT1_IRQHandler                         0x100001f3   Thumb Code     0  startup_lpc17xx.o(.text)
    EINT2_IRQHandler                         0x100001f3   Thumb Code     0  startup_lpc17xx.o(.text)
    EINT3_IRQHandler                         0x100001f3   Thumb Code     0  startup_lpc17xx.o(.text)
    ENET_IRQHandler                          0x100001f3   Thumb Code     0  startup_lpc17xx.o(.text)
    I2C0_IRQHandler                          0x100001f3   Thumb Code     0  startup_lpc17xx.o(.text)
    I2C1_IRQHandler                          0x100001f3   Thumb Code     0  startup_lpc17xx.o(.text)
    I2C2_IRQHandler                          0x100001f3   Thumb Code     0  startup_lpc17xx.o(.text)
    I2S_IRQHandler                           0x100001f3   Thumb Code     0  startup_lpc17xx.o(.text)
    MCPWM_IRQHandler                         0x100001f3   Thumb Code     0  startup_lpc17xx.o(.text)
    PLL0_IRQHandler                          0x100001f3   Thumb Code     0  startup_lpc17xx.o(.text)
    PLL1_IRQHandler                          0x100001f3   Thumb Code     0  startup_lpc17xx.o(.text)
    PWM1_IRQHandler                          0x100001f3   Thumb Code     0  startup_lpc17xx.o(.text)
    QEI_IRQHandler                           0x100001f3   Thumb Code     0  startup_lpc17xx.o(.text)
    RIT_IRQHandler                           0x100001f3   Thumb Code     0  startup_lpc17xx.o(.text)
    RTC_IRQHandler                           0x100001f3   Thumb Code     0  startup_lpc17xx.o(.text)
    SPI_IRQHandler                           0x100001f3   Thumb Code     0  startup_lpc17xx.o(.text)
    SSP0_IRQHandler                          0x100001f3   Thumb Code     0  startup_lpc17xx.o(.text)
    SSP1_IRQHandler                          0x100001f3   Thumb Code     0  startup_lpc17xx.o(.text)
    TIMER1_IRQHandler                        0x100001f3   Thumb Code     0  startup_lpc17xx.o(.text)
    TIMER2_IRQHandler                        0x100001f3   Thumb Code     0  startup_lpc17xx.o(.text)
    TIMER3_IRQHandler                        0x100001f3   Thumb Code     0  startup_lpc17xx.o(.text)
    UART0_IRQHandler                         0x100001f3   Thumb Code     0  startup_lpc17xx.o(.text)
    UART1_IRQHandler                         0x100001f3   Thumb Code     0  startup_lpc17xx.o(.text)
    UART2_IRQHandler                         0x100001f3   Thumb Code     0  startup_lpc17xx.o(.text)
    UART3_IRQHandler                         0x100001f3   Thumb Code     0  startup_lpc17xx.o(.text)
    USBActivity_IRQHandler                   0x100001f3   Thumb Code     0  startup_lpc17xx.o(.text)
    USB_IRQHandler                           0x100001f3   Thumb Code     0  startup_lpc17xx.o(.text)
    WDT_IRQHandler                           0x100001f3   Thumb Code     0  startup_lpc17xx.o(.text)
    __user_initial_stackheap                 0x100001f5   Thumb Code     0  startup_lpc17xx.o(.text)
    __use_two_region_memory                  0x10000215   Thumb Code     2  heapauxi.o(.text)
    __rt_heap_escrow$2region                 0x10000217   Thumb Code     2  heapauxi.o(.text)
    __rt_heap_expand$2region                 0x10000219   Thumb Code     2  heapauxi.o(.text)
    __user_setup_stackheap                   0x1000021b   Thumb Code    74  sys_stackheap_outer.o(.text)
    exit                                     0x10000265   Thumb Code    18  exit.o(.text)
    __user_libspace                          0x10000279   Thumb Code     8  libspace.o(.text)
    __user_perproc_libspace                  0x10000279   Thumb Code     0  libspace.o(.text)
    __user_perthread_libspace                0x10000279   Thumb Code     0  libspace.o(.text)
    _sys_exit                                0x10000281   Thumb Code     8  sys_exit.o(.text)
    __I$use$semihosting                      0x1000028d   Thumb Code     0  use_no_semi.o(.text)
    __use_no_semihosting_swi                 0x1000028d   Thumb Code     2  use_no_semi.o(.text)
    __semihosting_library_function           0x1000028f   Thumb Code     0  indicate_semi.o(.text)
    SystemInit                               0x10000291   Thumb Code   302  system_lpc17xx.o(i.SystemInit)
    ae_init                                  0x1000043d   Thumb Code    42  ae.o(i.ae_init)
    ae_set_proc_info                         0x10000469   Thumb Code    66  ae.o(i.ae_set_proc_info)
    alloc_stack                              0x100004c5   Thumb Code    32  k_memory.o(i.alloc_stack)
    init_printf                              0x10000509   Thumb Code    10  printf.o(i.init_printf)
    k_release_processor                      0x1000051d   Thumb Code    48  k_process.o(i.k_release_processor)
    k_rtx_init                               0x10000551   Thumb Code    30  k_rtx_init.o(i.k_rtx_init)
    k_run_new_process                        0x10000571   Thumb Code    56  k_process.o(i.k_run_new_process)
    main                                     0x100005ad   Thumb Code   184  main_svc.o(i.main)
    memory_init                              0x100007b5   Thumb Code    56  k_memory.o(i.memory_init)
    pre_rtx_init                             0x100007fd   Thumb Code     6  main_svc.o(i.pre_rtx_init)
    proc1                                    0x10000805   Thumb Code    78  ae_proc.o(i.proc1)
    proc2                                    0x10000881   Thumb Code    64  ae_proc.o(i.proc2)
    proc3                                    0x100008c9   Thumb Code    18  ae_proc.o(i.proc3)
    proc4                                    0x100008ed   Thumb Code    18  ae_proc.o(i.proc4)
    proc5                                    0x10000911   Thumb Code    18  ae_proc.o(i.proc5)
    proc6                                    0x10000935   Thumb Code    18  ae_proc.o(i.proc6)
    process_init                             0x10000959   Thumb Code   216  k_process.o(i.process_init)
    process_switch                           0x10000a3d   Thumb Code   120  k_process.o(i.process_switch)
    putc                                     0x10000ab9   Thumb Code    28  uart_polling.o(i.putc)
    scheduler                                0x10000b51   Thumb Code    72  k_process.o(i.scheduler)
    scheduler_tms                            0x10000ba1   Thumb Code    32  k_process.o(i.scheduler_tms)
    tfp_format                               0x10000bc9   Thumb Code   296  printf.o(i.tfp_format)
    tfp_printf                               0x10000cf1   Thumb Code    34  printf.o(i.tfp_printf)
    timer0_iproc                             0x10000d1d   Thumb Code    20  timer.o(i.timer0_iproc)
    timer_init                               0x10000d35   Thumb Code    80  timer.o(i.timer_init)
    uart_init                                0x10000d89   Thumb Code    96  uart_polling.o(i.uart_init)
    uart_put_char                            0x10000df5   Thumb Code    42  uart_polling.o(i.uart_put_char)
    uart_put_string                          0x10000e29   Thumb Code    38  uart_polling.o(i.uart_put_string)
    Region$$Table$$Base                      0x10000ea4   Number         0  anon$$obj.o(Region$$Table)
    Region$$Table$$Limit                     0x10000ec4   Number         0  anon$$obj.o(Region$$Table)
    gp_stack                                 0x10004008   Data           4  k_memory.o(.data)
    gp_pcbs                                  0x1000400c   Data           4  k_process.o(.data)
    gp_current_process                       0x10004010   Data           4  k_process.o(.data)
    gp_pcb_timer_iproc                       0x10004014   Data           4  k_process.o(.data)
    gp_pcb_interrupted                       0x10004018   Data           4  k_process.o(.data)
    g_timer_count                            0x1000401c   Data           4  timer.o(.data)
    g_proc_table                             0x10004020   Data         112  k_process.o(.bss)
    __libspace_start                         0x10004090   Data          96  libspace.o(.bss)
    __temporary_stack_top$libspace           0x100040f0   Data           0  libspace.o(.bss)
    Image$$RW_IRAM1$$ZI$$Limit               0x100042f0   Number         0  anon$$obj.o ABSOLUTE



==============================================================================

Memory Map of the image

  Image Entry point : 0x100000cd

  Load Region LR_IROM1 (Base: 0x10000000, Size: 0x00000ee4, Max: 0x00004000, ABSOLUTE)

    Execution Region ER_IROM1 (Exec base: 0x10000000, Load base: 0x10000000, Size: 0x00000ec4, Max: 0x00004000, ABSOLUTE)

    Exec Addr    Load Addr    Size         Type   Attr      Idx    E Section Name        Object

    0x10000000   0x10000000   0x000000cc   Data   RO          510    RESET               startup_lpc17xx.o
    0x100000cc   0x100000cc   0x00000008   Code   RO          557  * !!!main             c_w.l(__main.o)
    0x100000d4   0x100000d4   0x00000034   Code   RO          724    !!!scatter          c_w.l(__scatter.o)
    0x10000108   0x10000108   0x0000001a   Code   RO          726    !!handler_copy      c_w.l(__scatter_copy.o)
    0x10000122   0x10000122   0x00000002   PAD
    0x10000124   0x10000124   0x0000001c   Code   RO          728    !!handler_zi        c_w.l(__scatter_zi.o)
    0x10000140   0x10000140   0x00000002   Code   RO          594    .ARM.Collect$$libinit$$00000000  c_w.l(libinit.o)
    0x10000142   0x10000142   0x00000000   Code   RO          607    .ARM.Collect$$libinit$$00000002  c_w.l(libinit2.o)
    0x10000142   0x10000142   0x00000000   Code   RO          609    .ARM.Collect$$libinit$$00000004  c_w.l(libinit2.o)
    0x10000142   0x10000142   0x00000000   Code   RO          612    .ARM.Collect$$libinit$$0000000A  c_w.l(libinit2.o)
    0x10000142   0x10000142   0x00000000   Code   RO          614    .ARM.Collect$$libinit$$0000000C  c_w.l(libinit2.o)
    0x10000142   0x10000142   0x00000000   Code   RO          616    .ARM.Collect$$libinit$$0000000E  c_w.l(libinit2.o)
    0x10000142   0x10000142   0x00000000   Code   RO          619    .ARM.Collect$$libinit$$00000011  c_w.l(libinit2.o)
    0x10000142   0x10000142   0x00000000   Code   RO          621    .ARM.Collect$$libinit$$00000013  c_w.l(libinit2.o)
    0x10000142   0x10000142   0x00000000   Code   RO          623    .ARM.Collect$$libinit$$00000015  c_w.l(libinit2.o)
    0x10000142   0x10000142   0x00000000   Code   RO          625    .ARM.Collect$$libinit$$00000017  c_w.l(libinit2.o)
    0x10000142   0x10000142   0x00000000   Code   RO          627    .ARM.Collect$$libinit$$00000019  c_w.l(libinit2.o)
    0x10000142   0x10000142   0x00000000   Code   RO          629    .ARM.Collect$$libinit$$0000001B  c_w.l(libinit2.o)
    0x10000142   0x10000142   0x00000000   Code   RO          631    .ARM.Collect$$libinit$$0000001D  c_w.l(libinit2.o)
    0x10000142   0x10000142   0x00000000   Code   RO          633    .ARM.Collect$$libinit$$0000001F  c_w.l(libinit2.o)
    0x10000142   0x10000142   0x00000000   Code   RO          635    .ARM.Collect$$libinit$$00000021  c_w.l(libinit2.o)
    0x10000142   0x10000142   0x00000000   Code   RO          637    .ARM.Collect$$libinit$$00000023  c_w.l(libinit2.o)
    0x10000142   0x10000142   0x00000000   Code   RO          639    .ARM.Collect$$libinit$$00000025  c_w.l(libinit2.o)
    0x10000142   0x10000142   0x00000000   Code   RO          643    .ARM.Collect$$libinit$$0000002C  c_w.l(libinit2.o)
    0x10000142   0x10000142   0x00000000   Code   RO          645    .ARM.Collect$$libinit$$0000002E  c_w.l(libinit2.o)
    0x10000142   0x10000142   0x00000000   Code   RO          647    .ARM.Collect$$libinit$$00000030  c_w.l(libinit2.o)
    0x10000142   0x10000142   0x00000000   Code   RO          649    .ARM.Collect$$libinit$$00000032  c_w.l(libinit2.o)
    0x10000142   0x10000142   0x00000002   Code   RO          650    .ARM.Collect$$libinit$$00000033  c_w.l(libinit2.o)
    0x10000144   0x10000144   0x00000002   Code   RO          681    .ARM.Collect$$libshutdown$$00000000  c_w.l(libshutdown.o)
    0x10000146   0x10000146   0x00000000   Code   RO          707    .ARM.Collect$$libshutdown$$00000002  c_w.l(libshutdown2.o)
    0x10000146   0x10000146   0x00000000   Code   RO          709    .ARM.Collect$$libshutdown$$00000004  c_w.l(libshutdown2.o)
    0x10000146   0x10000146   0x00000000   Code   RO          712    .ARM.Collect$$libshutdown$$00000007  c_w.l(libshutdown2.o)
    0x10000146   0x10000146   0x00000000   Code   RO          715    .ARM.Collect$$libshutdown$$0000000A  c_w.l(libshutdown2.o)
    0x10000146   0x10000146   0x00000000   Code   RO          717    .ARM.Collect$$libshutdown$$0000000C  c_w.l(libshutdown2.o)
    0x10000146   0x10000146   0x00000000   Code   RO          720    .ARM.Collect$$libshutdown$$0000000F  c_w.l(libshutdown2.o)
    0x10000146   0x10000146   0x00000002   Code   RO          721    .ARM.Collect$$libshutdown$$00000010  c_w.l(libshutdown2.o)
    0x10000148   0x10000148   0x00000000   Code   RO          559    .ARM.Collect$$rtentry$$00000000  c_w.l(__rtentry.o)
    0x10000148   0x10000148   0x00000000   Code   RO          565    .ARM.Collect$$rtentry$$00000002  c_w.l(__rtentry2.o)
    0x10000148   0x10000148   0x00000006   Code   RO          577    .ARM.Collect$$rtentry$$00000004  c_w.l(__rtentry4.o)
    0x1000014e   0x1000014e   0x00000000   Code   RO          567    .ARM.Collect$$rtentry$$00000009  c_w.l(__rtentry2.o)
    0x1000014e   0x1000014e   0x00000004   Code   RO          568    .ARM.Collect$$rtentry$$0000000A  c_w.l(__rtentry2.o)
    0x10000152   0x10000152   0x00000000   Code   RO          570    .ARM.Collect$$rtentry$$0000000C  c_w.l(__rtentry2.o)
    0x10000152   0x10000152   0x00000008   Code   RO          571    .ARM.Collect$$rtentry$$0000000D  c_w.l(__rtentry2.o)
    0x1000015a   0x1000015a   0x00000002   Code   RO          598    .ARM.Collect$$rtexit$$00000000  c_w.l(rtexit.o)
    0x1000015c   0x1000015c   0x00000000   Code   RO          654    .ARM.Collect$$rtexit$$00000002  c_w.l(rtexit2.o)
    0x1000015c   0x1000015c   0x00000004   Code   RO          655    .ARM.Collect$$rtexit$$00000003  c_w.l(rtexit2.o)
    0x10000160   0x10000160   0x00000006   Code   RO          656    .ARM.Collect$$rtexit$$00000004  c_w.l(rtexit2.o)
    0x10000166   0x10000166   0x00000002   PAD
    0x10000168   0x10000168   0x00000034   Code   RO          197    .emb_text           hal.o
    0x1000019c   0x1000019c   0x0000003c   Code   RO          403    .emb_text           timer.o
    0x100001d8   0x100001d8   0x0000003c   Code   RO          511    .text               startup_lpc17xx.o
    0x10000214   0x10000214   0x00000006   Code   RO          555    .text               c_w.l(heapauxi.o)
    0x1000021a   0x1000021a   0x0000004a   Code   RO          581    .text               c_w.l(sys_stackheap_outer.o)
    0x10000264   0x10000264   0x00000012   Code   RO          583    .text               c_w.l(exit.o)
    0x10000276   0x10000276   0x00000002   PAD
    0x10000278   0x10000278   0x00000008   Code   RO          595    .text               c_w.l(libspace.o)
    0x10000280   0x10000280   0x0000000c   Code   RO          651    .text               c_w.l(sys_exit.o)
    0x1000028c   0x1000028c   0x00000002   Code   RO          670    .text               c_w.l(use_no_semi.o)
    0x1000028e   0x1000028e   0x00000000   Code   RO          672    .text               c_w.l(indicate_semi.o)
    0x1000028e   0x1000028e   0x00000002   PAD
    0x10000290   0x10000290   0x00000140   Code   RO          519    i.SystemInit        system_lpc17xx.o
    0x100003d0   0x100003d0   0x00000032   Code   RO           81    i.a2d               printf.o
    0x10000402   0x10000402   0x0000003a   Code   RO           82    i.a2i               printf.o
    0x1000043c   0x1000043c   0x0000002a   Code   RO          490    i.ae_init           ae.o
    0x10000466   0x10000466   0x00000002   PAD
    0x10000468   0x10000468   0x0000005c   Code   RO          491    i.ae_set_proc_info  ae.o
    0x100004c4   0x100004c4   0x00000024   Code   RO          207    i.alloc_stack       k_memory.o
    0x100004e8   0x100004e8   0x00000020   Code   RO           83    i.i2a               printf.o
    0x10000508   0x10000508   0x00000014   Code   RO           84    i.init_printf       printf.o
    0x1000051c   0x1000051c   0x00000034   Code   RO          314    i.k_release_processor  k_process.o
    0x10000550   0x10000550   0x0000001e   Code   RO          379    i.k_rtx_init        k_rtx_init.o
    0x1000056e   0x1000056e   0x00000002   PAD
    0x10000570   0x10000570   0x0000003c   Code   RO          315    i.k_run_new_process  k_process.o
    0x100005ac   0x100005ac   0x00000208   Code   RO            4    i.main              main_svc.o
    0x100007b4   0x100007b4   0x00000048   Code   RO          210    i.memory_init       k_memory.o
    0x100007fc   0x100007fc   0x00000006   Code   RO            5    i.pre_rtx_init      main_svc.o
    0x10000802   0x10000802   0x00000002   PAD
    0x10000804   0x10000804   0x0000007c   Code   RO          445    i.proc1             ae_proc.o
    0x10000880   0x10000880   0x00000048   Code   RO          446    i.proc2             ae_proc.o
    0x100008c8   0x100008c8   0x00000024   Code   RO          447    i.proc3             ae_proc.o
    0x100008ec   0x100008ec   0x00000024   Code   RO          448    i.proc4             ae_proc.o
    0x10000910   0x10000910   0x00000024   Code   RO          449    i.proc5             ae_proc.o
    0x10000934   0x10000934   0x00000024   Code   RO          450    i.proc6             ae_proc.o
    0x10000958   0x10000958   0x000000e4   Code   RO          316    i.process_init      k_process.o
    0x10000a3c   0x10000a3c   0x0000007c   Code   RO          317    i.process_switch    k_process.o
    0x10000ab8   0x10000ab8   0x00000044   Code   RO          146    i.putc              uart_polling.o
    0x10000afc   0x10000afc   0x00000052   Code   RO           85    i.putchw            printf.o
    0x10000b4e   0x10000b4e   0x00000002   PAD
    0x10000b50   0x10000b50   0x00000050   Code   RO          318    i.scheduler         k_process.o
    0x10000ba0   0x10000ba0   0x00000028   Code   RO          319    i.scheduler_tms     k_process.o
    0x10000bc8   0x10000bc8   0x00000128   Code   RO           87    i.tfp_format        printf.o
    0x10000cf0   0x10000cf0   0x0000002c   Code   RO           88    i.tfp_printf        printf.o
    0x10000d1c   0x10000d1c   0x00000018   Code   RO          404    i.timer0_iproc      timer.o
    0x10000d34   0x10000d34   0x00000054   Code   RO          405    i.timer_init        timer.o
    0x10000d88   0x10000d88   0x0000006c   Code   RO          148    i.uart_init         uart_polling.o
    0x10000df4   0x10000df4   0x00000034   Code   RO          149    i.uart_put_char     uart_polling.o
    0x10000e28   0x10000e28   0x00000026   Code   RO          150    i.uart_put_string   uart_polling.o
    0x10000e4e   0x10000e4e   0x00000056   Code   RO           90    i.ui2a              printf.o
    0x10000ea4   0x10000ea4   0x00000020   Data   RO          722    Region$$Table       anon$$obj.o


    Execution Region RW_IRAM1 (Exec base: 0x10004000, Load base: 0x10000ec4, Size: 0x000002f0, Max: 0x00004000, ABSOLUTE)

    Exec Addr    Load Addr    Size         Type   Attr      Idx    E Section Name        Object

    0x10004000   0x10000ec4   0x00000008   Data   RW           91    .data               printf.o
    0x10004008   0x10000ecc   0x00000004   Data   RW          211    .data               k_memory.o
    0x1000400c   0x10000ed0   0x00000010   Data   RW          321    .data               k_process.o
    0x1000401c   0x10000ee0   0x00000004   Data   RW          406    .data               timer.o
    0x10004020        -       0x00000070   Zero   RW          320    .bss                k_process.o
    0x10004090        -       0x00000060   Zero   RW          596    .bss                c_w.l(libspace.o)
    0x100040f0        -       0x00000000   Zero   RW          509    HEAP                startup_lpc17xx.o
    0x100040f0        -       0x00000200   Zero   RW          508    STACK               startup_lpc17xx.o


==============================================================================

Image component sizes


      Code (inc. data)   RO Data    RW Data    ZI Data      Debug   Object Name

       134         26          0          0          0       1605   ae.o
       340        126          0          0          0       2680   ae_proc.o
        52          0          0          0          0        388   hal.o
       108         20          0          4          0       1623   k_memory.o
       584         40          0         16        112       9174   k_process.o
        30          0          0          0          0        849   k_rtx_init.o
       526        336          0          0          0      28118   main_svc.o
       668         20          0          8          0       5788   printf.o
        60         22        204          0        512        828   startup_lpc17xx.o
       320         18          0          0          0        613   system_lpc17xx.o
       168         20          0          4          0      28639   timer.o
       266         62          0          0          0       2877   uart_polling.o

    ----------------------------------------------------------------------
      3264        690        236         32        624      83182   Object Totals
         0          0         32          0          0          0   (incl. Generated)
         8          0          0          0          0          0   (incl. Padding)

    ----------------------------------------------------------------------

      Code (inc. data)   RO Data    RW Data    ZI Data      Debug   Library Member Name

         8          0          0          0          0         68   __main.o
         0          0          0          0          0          0   __rtentry.o
        12          0          0          0          0          0   __rtentry2.o
         6          0          0          0          0          0   __rtentry4.o
        52          8          0          0          0          0   __scatter.o
        26          0          0          0          0          0   __scatter_copy.o
        28          0          0          0          0          0   __scatter_zi.o
        18          0          0          0          0         80   exit.o
         6          0          0          0          0        152   heapauxi.o
         0          0          0          0          0          0   indicate_semi.o
         2          0          0          0          0          0   libinit.o
         2          0          0          0          0          0   libinit2.o
         2          0          0          0          0          0   libshutdown.o
         2          0          0          0          0          0   libshutdown2.o
         8          4          0          0         96         68   libspace.o
         2          0          0          0          0          0   rtexit.o
        10          0          0          0          0          0   rtexit2.o
        12          4          0          0          0         68   sys_exit.o
        74          0          0          0          0         80   sys_stackheap_outer.o
         2          0          0          0          0         68   use_no_semi.o

    ----------------------------------------------------------------------
       280         16          0          0         96        584   Library Totals
         8          0          0          0          0          0   (incl. Padding)

    ----------------------------------------------------------------------

      Code (inc. data)   RO Data    RW Data    ZI Data      Debug   Library Name

       272         16          0          0         96        584   c_w.l

    ----------------------------------------------------------------------
       280         16          0          0         96        584   Library Totals

    ----------------------------------------------------------------------

==============================================================================


      Code (inc. data)   RO Data    RW Data    ZI Data      Debug   

      3544        706        236         32        720      81890   Grand Totals
      3544        706        236         32        720      81890   ELF Image Totals
      3544        706        236         32          0          0   ROM Totals

==============================================================================

    Total RO  Size (Code + RO Data)                 3780 (   3.69kB)
    Total RW  Size (RW Data + ZI Data)               752 (   0.73kB)
    Total ROM Size (Code + RO Data + RW Data)       3812 (   3.72kB)

==============================================================================

